// Jest Snapshot v1, https://goo.gl/fbAQLP

exports[`Signup Form renders properly 1`] = `ReactWrapper {}`;
